This is XeTeX, Version 3.141592653-2.6-0.999995 (TeX Live 2023) (preloaded format=xelatex 2023.8.26)  14 SEP 2026 10:38
entering extended mode
 restricted \write18 enabled.
 %&-line parsing enabled.
**muchachoguapo.tex
(./muchachoguapo.tex
LaTeX2e <2023-06-01> patch level 1
L3 programming layer <2023-08-11>
(c:/texlive/2023/texmf-dist/tex/latex/base/book.cls
Document Class: book 2023/05/17 v1.4n Standard LaTeX document class
(c:/texlive/2023/texmf-dist/tex/latex/base/bk10.clo
File: bk10.clo 2023/05/17 v1.4n Standard LaTeX file (size option)
)
\c@part=\count181
\c@chapter=\count182
\c@section=\count183
\c@subsection=\count184
\c@subsubsection=\count185
\c@paragraph=\count186
\c@subparagraph=\count187
\c@figure=\count188
\c@table=\count189
\abovecaptionskip=\skip48
\belowcaptionskip=\skip49
\bibindent=\dimen140
)
(c:/texlive/2023/texmf-dist/tex/latex/geometry/geometry.sty
Package: geometry 2020/01/02 v5.9 Page Geometry

(c:/texlive/2023/texmf-dist/tex/latex/graphics/keyval.sty
Package: keyval 2022/05/29 v1.15 key=value parser (DPC)
\KV@toks@=\toks17
)
(c:/texlive/2023/texmf-dist/tex/generic/iftex/ifvtex.sty
Package: ifvtex 2019/10/25 v1.7 ifvtex legacy package. Use iftex instead.

(c:/texlive/2023/texmf-dist/tex/generic/iftex/iftex.sty
Package: iftex 2022/02/03 v1.0f TeX engine tests
))
\Gm@cnth=\count190
\Gm@cntv=\count191
\c@Gm@tempcnt=\count192
\Gm@bindingoffset=\dimen141
\Gm@wd@mp=\dimen142
\Gm@odd@mp=\dimen143
\Gm@even@mp=\dimen144
\Gm@layoutwidth=\dimen145
\Gm@layoutheight=\dimen146
\Gm@layouthoffset=\dimen147
\Gm@layoutvoffset=\dimen148
\Gm@dimlist=\toks18
)
(c:/texlive/2023/texmf-dist/tex/latex/fontspec/fontspec.sty
(c:/texlive/2023/texmf-dist/tex/latex/l3packages/xparse/xparse.sty
(c:/texlive/2023/texmf-dist/tex/latex/l3kernel/expl3.sty
Package: expl3 2023-08-11 L3 programming layer (loader) 

(c:/texlive/2023/texmf-dist/tex/latex/l3backend/l3backend-xetex.def
File: l3backend-xetex.def 2023-04-19 L3 backend support: XeTeX
\g__graphics_track_int=\count193
\l__pdf_internal_box=\box51
\g__pdf_backend_object_int=\count194
\g__pdf_backend_annotation_int=\count195
\g__pdf_backend_link_int=\count196
))
Package: xparse 2023-02-02 L3 Experimental document command parser
)
Package: fontspec 2022/01/15 v2.8a Font selection for XeLaTeX and LuaLaTeX

(c:/texlive/2023/texmf-dist/tex/latex/fontspec/fontspec-xetex.sty
Package: fontspec-xetex 2022/01/15 v2.8a Font selection for XeLaTeX and LuaLaTe
X
\l__fontspec_script_int=\count197
\l__fontspec_language_int=\count198
\l__fontspec_strnum_int=\count199
\l__fontspec_tmp_int=\count266
\l__fontspec_tmpa_int=\count267
\l__fontspec_tmpb_int=\count268
\l__fontspec_tmpc_int=\count269
\l__fontspec_em_int=\count270
\l__fontspec_emdef_int=\count271
\l__fontspec_strong_int=\count272
\l__fontspec_strongdef_int=\count273
\l__fontspec_tmpa_dim=\dimen149
\l__fontspec_tmpb_dim=\dimen150
\l__fontspec_tmpc_dim=\dimen151

(c:/texlive/2023/texmf-dist/tex/latex/base/fontenc.sty
Package: fontenc 2021/04/29 v2.0v Standard LaTeX package
)
(c:/texlive/2023/texmf-dist/tex/latex/fontspec/fontspec.cfg)))
(c:/texlive/2023/texmf-dist/tex/latex/etoolbox/etoolbox.sty
Package: etoolbox 2020/10/05 v2.5k e-TeX tools for LaTeX (JAW)
\etb@tempcnta=\count274
)
(c:/texlive/2023/texmf-dist/tex/latex/graphics/graphicx.sty
Package: graphicx 2021/09/16 v1.2d Enhanced LaTeX Graphics (DPC,SPQR)

(c:/texlive/2023/texmf-dist/tex/latex/graphics/graphics.sty
Package: graphics 2022/03/10 v1.4e Standard LaTeX Graphics (DPC,SPQR)

(c:/texlive/2023/texmf-dist/tex/latex/graphics/trig.sty
Package: trig 2021/08/11 v1.11 sin cos tan (DPC)
)
(c:/texlive/2023/texmf-dist/tex/latex/graphics-cfg/graphics.cfg
File: graphics.cfg 2016/06/04 v1.11 sample graphics configuration
)
Package graphics Info: Driver file: xetex.def on input line 107.

(c:/texlive/2023/texmf-dist/tex/latex/graphics-def/xetex.def
File: xetex.def 2022/09/22 v5.0n Graphics/color driver for xetex
))
\Gin@req@height=\dimen152
\Gin@req@width=\dimen153
)
(c:/texlive/2023/texmf-dist/tex/latex/xcolor/xcolor.sty
Package: xcolor 2022/06/12 v2.14 LaTeX color extensions (UK)

(c:/texlive/2023/texmf-dist/tex/latex/graphics-cfg/color.cfg
File: color.cfg 2016/01/02 v1.6 sample color configuration
)
Package xcolor Info: Driver file: xetex.def on input line 227.

(c:/texlive/2023/texmf-dist/tex/latex/graphics/mathcolor.ltx)
Package xcolor Info: Model `cmy' substituted by `cmy0' on input line 1353.
Package xcolor Info: Model `RGB' extended on input line 1369.
Package xcolor Info: Model `HTML' substituted by `rgb' on input line 1371.
Package xcolor Info: Model `Hsb' substituted by `hsb' on input line 1372.
Package xcolor Info: Model `tHsb' substituted by `hsb' on input line 1373.
Package xcolor Info: Model `HSB' substituted by `hsb' on input line 1374.
Package xcolor Info: Model `Gray' substituted by `gray' on input line 1375.
Package xcolor Info: Model `wave' substituted by `hsb' on input line 1376.
)
(c:/texlive/2023/texmf-dist/tex/latex/setspace/setspace.sty
Package: setspace 2022/12/04 v6.7b set line spacing
)
(c:/texlive/2023/texmf-dist/tex/latex/comment/comment.sty
\CommentStream=\write3

Excluding comment 'comment')

Package fontspec Info: Could not resolve font "InfoOTDisp/BI" (it probably
(fontspec)             doesn't exist).


Package fontspec Info: Could not resolve font "InfoOTDisp/B" (it probably
(fontspec)             doesn't exist).


Package fontspec Info: Could not resolve font "InfoOTDisp/I" (it probably
(fontspec)             doesn't exist).


Package fontspec Info: Font family 'InfoOTDisp(0)' created for font
(fontspec)             'InfoOTDisp' with options [Ligatures=TeX].
(fontspec)              
(fontspec)              This font family consists of the following NFSS
(fontspec)             series/shapes:
(fontspec)              
(fontspec)             - 'normal' (m/n) with NFSS spec.:
(fontspec)             <->"InfoOTDisp/OT:script=latn;language=dflt;mapping=tex-
text;"
(fontspec)             - 'small caps'  (m/sc) with NFSS spec.: 


Package fontspec Info: Font family 'CourierNew(0)' created for font 'Courier
(fontspec)             New' with options
(fontspec)             [WordSpace={1,0,0},HyphenChar=None,PunctuationSpace=Word
Space].
(fontspec)              
(fontspec)              This font family consists of the following NFSS
(fontspec)             series/shapes:
(fontspec)              
(fontspec)             - 'normal' (m/n) with NFSS spec.: <->"Courier
(fontspec)             New/OT:script=latn;language=dflt;"
(fontspec)             - 'small caps'  (m/sc) with NFSS spec.: 
(fontspec)             and font adjustment code:
(fontspec)             \fontdimen 2\font =1\fontdimen 2\font \fontdimen 3\font
(fontspec)             =0\fontdimen 3\font \fontdimen 4\font =0\fontdimen
(fontspec)             4\font \fontdimen 7\font =0\fontdimen 2\font
(fontspec)             \tex_hyphenchar:D \font =-1\scan_stop: 
(fontspec)             - 'bold' (b/n) with NFSS spec.: <->"Courier
(fontspec)             New/B/OT:script=latn;language=dflt;"
(fontspec)             - 'bold small caps'  (b/sc) with NFSS spec.: 
(fontspec)             and font adjustment code:
(fontspec)             \fontdimen 2\font =1\fontdimen 2\font \fontdimen 3\font
(fontspec)             =0\fontdimen 3\font \fontdimen 4\font =0\fontdimen
(fontspec)             4\font \fontdimen 7\font =0\fontdimen 2\font
(fontspec)             \tex_hyphenchar:D \font =-1\scan_stop: 
(fontspec)             - 'italic' (m/it) with NFSS spec.: <->"Courier
(fontspec)             New/I/OT:script=latn;language=dflt;"
(fontspec)             - 'italic small caps'  (m/scit) with NFSS spec.: 
(fontspec)             and font adjustment code:
(fontspec)             \fontdimen 2\font =1\fontdimen 2\font \fontdimen 3\font
(fontspec)             =0\fontdimen 3\font \fontdimen 4\font =0\fontdimen
(fontspec)             4\font \fontdimen 7\font =0\fontdimen 2\font
(fontspec)             \tex_hyphenchar:D \font =-1\scan_stop: 
(fontspec)             - 'bold italic' (b/it) with NFSS spec.: <->"Courier
(fontspec)             New/BI/OT:script=latn;language=dflt;"
(fontspec)             - 'bold italic small caps'  (b/scit) with NFSS spec.: 
(fontspec)             and font adjustment code:
(fontspec)             \fontdimen 2\font =1\fontdimen 2\font \fontdimen 3\font
(fontspec)             =0\fontdimen 3\font \fontdimen 4\font =0\fontdimen
(fontspec)             4\font \fontdimen 7\font =0\fontdimen 2\font
(fontspec)             \tex_hyphenchar:D \font =-1\scan_stop: 


Package fontspec Info: Could not resolve font "Eurostile W01/BI" (it probably
(fontspec)             doesn't exist).


Package fontspec Info: Could not resolve font "Eurostile W01/B" (it probably
(fontspec)             doesn't exist).


Package fontspec Info: Could not resolve font "Eurostile W01/I" (it probably
(fontspec)             doesn't exist).


Package fontspec Info: Font family 'EurostileW01(0)' created for font
(fontspec)             'Eurostile W01' with options [].
(fontspec)              
(fontspec)              This font family consists of the following NFSS
(fontspec)             series/shapes:
(fontspec)              
(fontspec)             - 'normal' (m/n) with NFSS spec.: <->"Eurostile
(fontspec)             W01/OT:script=latn;language=dflt;"
(fontspec)             - 'small caps'  (m/sc) with NFSS spec.: 


Package fontspec Info: Could not resolve font "Eurostile Extd/BI" (it probably
(fontspec)             doesn't exist).


Package fontspec Info: Could not resolve font "Eurostile Extd/B" (it probably
(fontspec)             doesn't exist).


Package fontspec Info: Could not resolve font "Eurostile Extd/I" (it probably
(fontspec)             doesn't exist).


Package fontspec Info: Font family 'EurostileExtd(0)' created for font
(fontspec)             'Eurostile Extd' with options [].
(fontspec)              
(fontspec)              This font family consists of the following NFSS
(fontspec)             series/shapes:
(fontspec)              
(fontspec)             - 'normal' (m/n) with NFSS spec.: <->"Eurostile
(fontspec)             Extd/OT:script=latn;language=dflt;"
(fontspec)             - 'small caps'  (m/sc) with NFSS spec.: 

\storybox=\box52
\storytopoffset=\skip50
\storyboxheight=\skip51
\illustrationboxwidth=\skip52
\illustrationboxheight=\skip53
 Excluding 'comment' comment. (./muchachoguapo.aux)
\openout1 = `muchachoguapo.aux'.

LaTeX Font Info:    Checking defaults for OML/cmm/m/it on input line 147.
LaTeX Font Info:    ... okay on input line 147.
LaTeX Font Info:    Checking defaults for OMS/cmsy/m/n on input line 147.
LaTeX Font Info:    ... okay on input line 147.
LaTeX Font Info:    Checking defaults for OT1/cmr/m/n on input line 147.
LaTeX Font Info:    ... okay on input line 147.
LaTeX Font Info:    Checking defaults for T1/cmr/m/n on input line 147.
LaTeX Font Info:    ... okay on input line 147.
LaTeX Font Info:    Checking defaults for TS1/cmr/m/n on input line 147.
LaTeX Font Info:    Trying to load font information for TS1+cmr on input line 1
47.
(c:/texlive/2023/texmf-dist/tex/latex/base/ts1cmr.fd
File: ts1cmr.fd 2023/04/13 v2.5m Standard LaTeX font definitions
)
LaTeX Font Info:    ... okay on input line 147.
LaTeX Font Info:    Checking defaults for TU/lmr/m/n on input line 147.
LaTeX Font Info:    ... okay on input line 147.
LaTeX Font Info:    Checking defaults for OMX/cmex/m/n on input line 147.
LaTeX Font Info:    ... okay on input line 147.
LaTeX Font Info:    Checking defaults for U/cmr/m/n on input line 147.
LaTeX Font Info:    ... okay on input line 147.

*geometry* driver: auto-detecting
*geometry* detected driver: xetex
*geometry* verbose mode - [ preamble ] result:
* driver: xetex
* paper: custom
* layout: <same size as paper>
* layoutoffset:(h,v)=(0.0pt,0.0pt)
* bindingoffset: 14.45377pt
* modes: twoside 
* h-part:(L,W,R)=(72.26999pt, 719.0863pt, 61.42993pt)
* v-part:(T,H,B)=(72.26999pt, 505.89001pt, 72.26999pt)
* \paperwidth=867.23999pt
* \paperheight=650.43pt
* \textwidth=719.0863pt
* \textheight=505.89001pt
* \oddsidemargin=14.45377pt
* \evensidemargin=-10.84006pt
* \topmargin=-30.06749pt
* \headheight=12.0pt
* \headsep=18.06749pt
* \topskip=10.0pt
* \footskip=25.29494pt
* \marginparwidth=125.0pt
* \marginparsep=7.0pt
* \columnsep=10.0pt
* \skip\footins=9.0pt plus 4.0pt minus 2.0pt
* \hoffset=0.0pt
* \voffset=0.0pt
* \mag=1000
* \@twocolumnfalse
* \@twosidetrue
* \@mparswitchtrue
* \@reversemarginfalse
* (1in=72.27pt=25.4mm, 1cm=28.453pt)


Package fontspec Info: Adjusting the maths setup (use [no-math] to avoid
(fontspec)             this).

\symlegacymaths=\mathgroup4
LaTeX Font Info:    Overwriting symbol font `legacymaths' in version `bold'
(Font)                  OT1/cmr/m/n --> OT1/cmr/bx/n on input line 147.
LaTeX Font Info:    Redeclaring math accent \acute on input line 147.
LaTeX Font Info:    Redeclaring math accent \grave on input line 147.
LaTeX Font Info:    Redeclaring math accent \ddot on input line 147.
LaTeX Font Info:    Redeclaring math accent \tilde on input line 147.
LaTeX Font Info:    Redeclaring math accent \bar on input line 147.
LaTeX Font Info:    Redeclaring math accent \breve on input line 147.
LaTeX Font Info:    Redeclaring math accent \check on input line 147.
LaTeX Font Info:    Redeclaring math accent \hat on input line 147.
LaTeX Font Info:    Redeclaring math accent \dot on input line 147.
LaTeX Font Info:    Redeclaring math accent \mathring on input line 147.
LaTeX Font Info:    Redeclaring math symbol \colon on input line 147.
LaTeX Font Info:    Redeclaring math symbol \Gamma on input line 147.
LaTeX Font Info:    Redeclaring math symbol \Delta on input line 147.
LaTeX Font Info:    Redeclaring math symbol \Theta on input line 147.
LaTeX Font Info:    Redeclaring math symbol \Lambda on input line 147.
LaTeX Font Info:    Redeclaring math symbol \Xi on input line 147.
LaTeX Font Info:    Redeclaring math symbol \Pi on input line 147.
LaTeX Font Info:    Redeclaring math symbol \Sigma on input line 147.
LaTeX Font Info:    Redeclaring math symbol \Upsilon on input line 147.
LaTeX Font Info:    Redeclaring math symbol \Phi on input line 147.
LaTeX Font Info:    Redeclaring math symbol \Psi on input line 147.
LaTeX Font Info:    Redeclaring math symbol \Omega on input line 147.
LaTeX Font Info:    Redeclaring math symbol \mathdollar on input line 147.
LaTeX Font Info:    Redeclaring symbol font `operators' on input line 147.
LaTeX Font Info:    Encoding `OT1' has changed to `TU' for symbol font
(Font)              `operators' in the math version `normal' on input line 147.

LaTeX Font Info:    Overwriting symbol font `operators' in version `normal'
(Font)                  OT1/cmr/m/n --> TU/InfoOTDisp(0)/m/n on input line 147.

LaTeX Font Info:    Encoding `OT1' has changed to `TU' for symbol font
(Font)              `operators' in the math version `bold' on input line 147.
LaTeX Font Info:    Overwriting symbol font `operators' in version `bold'
(Font)                  OT1/cmr/bx/n --> TU/InfoOTDisp(0)/m/n on input line 147
.
LaTeX Font Info:    Overwriting symbol font `operators' in version `normal'
(Font)                  TU/InfoOTDisp(0)/m/n --> TU/InfoOTDisp(0)/m/n on input 
line 147.
LaTeX Font Info:    Overwriting math alphabet `\mathit' in version `normal'
(Font)                  OT1/cmr/m/it --> TU/InfoOTDisp(0)/m/it on input line 14
7.
LaTeX Font Info:    Overwriting math alphabet `\mathbf' in version `normal'
(Font)                  OT1/cmr/bx/n --> TU/InfoOTDisp(0)/b/n on input line 147
.
LaTeX Font Info:    Overwriting math alphabet `\mathsf' in version `normal'
(Font)                  OT1/cmss/m/n --> TU/lmss/m/n on input line 147.
LaTeX Font Info:    Overwriting math alphabet `\mathtt' in version `normal'
(Font)                  OT1/cmtt/m/n --> TU/CourierNew(0)/m/n on input line 147
.
LaTeX Font Info:    Overwriting symbol font `operators' in version `bold'
(Font)                  TU/InfoOTDisp(0)/m/n --> TU/InfoOTDisp(0)/b/n on input 
line 147.
LaTeX Font Info:    Overwriting math alphabet `\mathit' in version `bold'
(Font)                  OT1/cmr/bx/it --> TU/InfoOTDisp(0)/b/it on input line 1
47.
LaTeX Font Info:    Overwriting math alphabet `\mathsf' in version `bold'
(Font)                  OT1/cmss/bx/n --> TU/lmss/b/n on input line 147.
LaTeX Font Info:    Overwriting math alphabet `\mathtt' in version `bold'
(Font)                  OT1/cmtt/m/n --> TU/CourierNew(0)/b/n on input line 147
.
[1


]
Overfull \vbox (6.0pt too high) has occurred while \output is active []

 [2]
File: figures/mg1.jpeg Graphic file (type bmp)
<figures/mg1.jpeg>

[3]
Overfull \vbox (6.0pt too high) has occurred while \output is active []

 [4]
File: figures/mg2.jpeg Graphic file (type bmp)
<figures/mg2.jpeg>

[5]
Overfull \vbox (6.0pt too high) has occurred while \output is active []

 [6]
File: figures/mg3.jpeg Graphic file (type bmp)
<figures/mg3.jpeg>

[7]
Overfull \vbox (6.0pt too high) has occurred while \output is active []

 [8]
File: figures/mg4.jpeg Graphic file (type bmp)
<figures/mg4.jpeg>

[9]
Overfull \vbox (6.0pt too high) has occurred while \output is active []

 [10]
File: figures/mg5.jpeg Graphic file (type bmp)
<figures/mg5.jpeg>

[11]
Overfull \vbox (6.0pt too high) has occurred while \output is active []

 [12]
File: figures/mg6.jpeg Graphic file (type bmp)
<figures/mg6.jpeg>

[13]
Overfull \vbox (6.0pt too high) has occurred while \output is active []

 [14]
File: figures/mg7.jpeg Graphic file (type bmp)
<figures/mg7.jpeg>

[15]
Overfull \vbox (6.0pt too high) has occurred while \output is active []

 [16]
File: figures/mg8.jpeg Graphic file (type bmp)
<figures/mg8.jpeg>

[17]
Overfull \vbox (6.0pt too high) has occurred while \output is active []

 [18]
File: figures/mg9.jpeg Graphic file (type bmp)
<figures/mg9.jpeg>

[19]
Overfull \vbox (6.0pt too high) has occurred while \output is active []

 [20]
File: figures/mg10.jpeg Graphic file (type bmp)
<figures/mg10.jpeg>

[21]
Overfull \vbox (6.0pt too high) has occurred while \output is active []

 [22]
File: figures/mg11.jpeg Graphic file (type bmp)
<figures/mg11.jpeg>

[23]
Overfull \vbox (6.0pt too high) has occurred while \output is active []

 [24]
File: figures/mg12.jpeg Graphic file (type bmp)
<figures/mg12.jpeg>

[25] (./muchachoguapo.aux)
 ***********
LaTeX2e <2023-06-01> patch level 1
L3 programming layer <2023-08-11>
 ***********
 ) 
Here is how much of TeX's memory you used:
 5027 strings out of 475846
 127764 string characters out of 5781395
 1911879 words of memory out of 5000000
 26046 multiletter control sequences out of 15000+600000
 558349 words of font info for 71 fonts, out of 8000000 for 9000
 1348 hyphenation exceptions out of 8191
 79i,5n,93p,256b,237s stack positions out of 10000i,1000n,20000p,200000b,200000s

Output written on muchachoguapo.pdf (25 pages).
